// Jest Snapshot v1, https://goo.gl/fbAQLP

exports[`App renders correctly to match the App snapshot 1`] = `[Function]`;
