// Jest Snapshot v1, https://goo.gl/fbAQLP

exports[`SearchResults renders correctly to match the SearchResults snapshot 1`] = `[Function]`;
